[ERROR] No role is assigned for the selected company.
[ERROR_STACK] Error: No role is assigned for the selected company.
    at createHttpError (C:\Users\STTL\Desktop\SAP-B1 Web Client\SAP-B1\backend\services\authService.js:9:17)
    at Object.selectCompany (C:\Users\STTL\Desktop\SAP-B1 Web Client\SAP-B1\backend\services\authService.js:335:11)
    at process.processTicksAndRejections (node:internal/process/task_queues:105:5)
    at async selectCompany (C:\Users\STTL\Desktop\SAP-B1 Web Client\SAP-B1\backend\controllers\authController.js:56:20)
[ERROR] No role is assigned for the selected company.
[ERROR_STACK] Error: No role is assigned for the selected company.
    at createHttpError (C:\Users\STTL\Desktop\SAP-B1 Web Client\SAP-B1\backend\services\authService.js:9:17)
    at Object.selectCompany (C:\Users\STTL\Desktop\SAP-B1 Web Client\SAP-B1\backend\services\authService.js:335:11)
    at process.processTicksAndRejections (node:internal/process/task_queues:105:5)
    at async selectCompany (C:\Users\STTL\Desktop\SAP-B1 Web Client\SAP-B1\backend\controllers\authController.js:56:20)
[ERROR] No role is assigned for the selected company.
[ERROR_STACK] Error: No role is assigned for the selected company.
    at createHttpError (C:\Users\STTL\Desktop\SAP-B1 Web Client\SAP-B1\backend\services\authService.js:9:17)
    at Object.selectCompany (C:\Users\STTL\Desktop\SAP-B1 Web Client\SAP-B1\backend\services\authService.js:335:11)
    at process.processTicksAndRejections (node:internal/process/task_queues:105:5)
    at async selectCompany (C:\Users\STTL\Desktop\SAP-B1 Web Client\SAP-B1\backend\controllers\authController.js:56:20)
[ERROR] No role is assigned for the selected company.
[ERROR_STACK] Error: No role is assigned for the selected company.
    at createHttpError (C:\Users\STTL\Desktop\SAP-B1 Web Client\SAP-B1\backend\services\authService.js:9:17)
    at Object.selectCompany (C:\Users\STTL\Desktop\SAP-B1 Web Client\SAP-B1\backend\services\authService.js:335:11)
    at process.processTicksAndRejections (node:internal/process/task_queues:105:5)
    at async selectCompany (C:\Users\STTL\Desktop\SAP-B1 Web Client\SAP-B1\backend\controllers\authController.js:56:20)
[ERROR] You can only access your own company assignments.
[ERROR_STACK] Error: You can only access your own company assignments.
    at forbidden (C:\Users\STTL\Desktop\SAP-B1 Web Client\SAP-B1\backend\middleware\authMiddleware.js:11:17)
    at ensureSameUser (C:\Users\STTL\Desktop\SAP-B1 Web Client\SAP-B1\backend\middleware\authMiddleware.js:78:11)
    at selectCompany (C:\Users\STTL\Desktop\SAP-B1 Web Client\SAP-B1\backend\controllers\authController.js:55:5)
    at Layer.handleRequest (C:\Users\STTL\Desktop\SAP-B1 Web Client\SAP-B1\backend\node_modules\router\lib\layer.js:152:17)
    at next (C:\Users\STTL\Desktop\SAP-B1 Web Client\SAP-B1\backend\node_modules\router\lib\route.js:157:13)
    at authenticatePendingOrAccessToken (C:\Users\STTL\Desktop\SAP-B1 Web Client\SAP-B1\backend\middleware\authMiddleware.js:49:5)
    at Layer.handleRequest (C:\Users\STTL\Desktop\SAP-B1 Web Client\SAP-B1\backend\node_modules\router\lib\layer.js:152:17)
    at next (C:\Users\STTL\Desktop\SAP-B1 Web Client\SAP-B1\backend\node_modules\router\lib\route.js:157:13)
    at Route.dispatch (C:\Users\STTL\Desktop\SAP-B1 Web Client\SAP-B1\backend\node_modules\router\lib\route.js:117:3)
    at handle (C:\Users\STTL\Desktop\SAP-B1 Web Client\SAP-B1\backend\node_modules\router\index.js:435:11)
